// Jest Snapshot v1, https://goo.gl/fbAQLP

exports[`snapshot of the base state 1`] = `
<DocumentFragment>
  <div
    class="MuiBox-root css-0"
    data-testid="cart-total"
  >
    <div
      class="MuiTypography-root MuiTypography-h4 css-1mtqh3w-MuiTypography-root"
    >
      Total: 
      <span
        data-testid="price"
      >
        R$0.00
      </span>
    </div>
    <a
      aria-disabled="true"
      class="MuiButtonBase-root Mui-disabled MuiButton-root MuiButton-contained MuiButton-containedPrimary MuiButton-sizeMedium MuiButton-containedSizeMedium MuiButton-fullWidth css-glzmip-MuiButtonBase-root-MuiButton-root"
      data-testid="button"
      href="/checkout"
      tabindex="-1"
    >
      <p
        class="MuiTypography-root MuiTypography-body1 css-ahj2mt-MuiTypography-root"
      >
        Carrinho vazio
      </p>
    </a>
  </div>
</DocumentFragment>
`;
